exports[`test renders without crashing 1`] = `<components />`;
